     1                                  ; Description: This is just an example program
     2                                  
     3                                  
     4                                  
     5                                  ; Named Initalized Data
     6                                  section .data
     7                                  	
     8 00000000 1B5B324A                	ClearTermES: db 27, "[2J" ; this is the escape sequence for clearing the xterm terminal 
     9                                  	;the length of the ClearTermES address bytes. Calculated with "Assembly Time Calculation"
    10                                  	CLEARLEN: equ $-ClearTermES ; The escape sequence needs to be passed trough a Standard Output file stream with int 80h
    11                                  
    12                                  ; Uninitalized Data
    13                                  section .bss
    14                                  	
    15                                  	BufferLength equ 1024 ; the constant lenth of the buffer 1024 bytes 
    16 00000000 <res 00000400>          	InputBuffer: resb BufferLength ; this the buffer itself 
    17                                  
    18                                  
    19                                  ;Program code here 
    20                                  section .text 
    21                                  
    22                                  	Global _start ; declearing _start as a global label 
    23                                  
    24                                  ; get the the registers ready for system_read kernel command 
    25                                  %macro Sysread 2 ; %1 buffer %2 buffer length 
    26                                  	
    27                                  	mov eax, 3 ; System call read 
    28                                  	mov ebx, 0 ; File Discriptor Standard Input 
    29                                  	mov ecx, %1 ; copy the buffer address into ecx 
    30                                  	mov edx, %2 ; copy bufferlength into edx 
    31                                  
    32                                  %endmacro  
    33                                  
    34                                  ; Clears the terminal from user input using escape sequences  
    35                                  %macro ClearTerm 2 ; %1 = the escape sequence  2% = the escape sequence length 
    36                                  	
    37                                  	mov eax, 4 ; System call write
    38                                  	mov ebx, 1; Standard Output File Discriptor 
    39                                  	mov ecx, %1 ; copy the escape sequence address into ecx
    40                                  	mov edx, %2 ; copy the escape sequence length into edx 
    41                                  	
    42                                  %endmacro
    43                                  
    44                                  ; Gets registers ready to write to the screen
    45                                  
    46                                  %macro Syswrite 2 ; %1 buffer %2 bufferlength
    47                                  
    48                                  	mov eax, 4 ; System call write 
    49                                  	mov ebx, 1 ; File Discriptor Standard Output 
    50                                  	mov ecx, %1 ; copy the buffer address into ecx 
    51                                  	mov edx, %2 ; copy bufferlength into edx 
    52                                  
    53                                  %endmacro
    54                                  	
    55                                  ; Kernel enters program here 
    56                                  _start: 
    57 00000000 90                      	nop ; keeps gdb happy 
    58                                  	
    59                                  	Sysread InputBuffer, BufferLength ; place the Sysread macro with its arguments
    59                              <1> 
    59 00000001 B803000000          <1>  mov eax, 3
    59 00000006 BB00000000          <1>  mov ebx, 0
    59 0000000B B9[00000000]        <1>  mov ecx, %1
    59 00000010 BA00040000          <1>  mov edx, %2
    59                              <1> 
    60                                  	
    61 00000015 CD80                    	int 80h ; call the system interupt to pass through the Kernel Service Call Gate to head towards the Service Dispathor
    62                                  
    63                                  	ClearTerm ClearTermES, CLEARLEN ; place the ClearTerm macro with its required arguments
    63                              <1> 
    63 00000017 B804000000          <1>  mov eax, 4
    63 0000001C BB01000000          <1>  mov ebx, 1
    63 00000021 B9[00000000]        <1>  mov ecx, %1
    63 00000026 BA04000000          <1>  mov edx, %2
    63                              <1> 
    64                                  
    65 0000002B CD80                    	int 80h ; call the system interupt to pass through the Kernel Service Call Gate to head towards the Service Dispathor
    66                                  
    67                                  	Syswrite InputBuffer, BufferLength ; place the Syswrite macro with its arguments
    67                              <1> 
    67 0000002D B804000000          <1>  mov eax, 4
    67 00000032 BB01000000          <1>  mov ebx, 1
    67 00000037 B9[00000000]        <1>  mov ecx, %1
    67 0000003C BA00040000          <1>  mov edx, %2
    67                              <1> 
    68                                  
    69 00000041 CD80                    	int 80h ; call the system interupt to pass through the Kernel Service Call Gate to head towards the Service Dispathor
    70                                  
    71 00000043 90                      	nop ; keeps gdb happy 
    72                                  
    73                                  
    74                                  
    75                                  
    76                                  
    77                                  
    78                                  
    79                                  
    80                                  
    81                                  
